../Core/Src/liquidcrystal_i2c.c:19:6:HD44780_Init	16	static
../Core/Src/liquidcrystal_i2c.c:68:6:HD44780_Clear	8	static
../Core/Src/liquidcrystal_i2c.c:74:6:HD44780_Home	8	static
../Core/Src/liquidcrystal_i2c.c:80:6:HD44780_SetCursor	40	static
../Core/Src/liquidcrystal_i2c.c:90:6:HD44780_NoDisplay	8	static
../Core/Src/liquidcrystal_i2c.c:96:6:HD44780_Display	8	static
../Core/Src/liquidcrystal_i2c.c:102:6:HD44780_NoCursor	8	static
../Core/Src/liquidcrystal_i2c.c:108:6:HD44780_Cursor	8	static
../Core/Src/liquidcrystal_i2c.c:114:6:HD44780_NoBlink	8	static
../Core/Src/liquidcrystal_i2c.c:120:6:HD44780_Blink	8	static
../Core/Src/liquidcrystal_i2c.c:126:6:HD44780_ScrollDisplayLeft	8	static
../Core/Src/liquidcrystal_i2c.c:131:6:HD44780_ScrollDisplayRight	8	static
../Core/Src/liquidcrystal_i2c.c:136:6:HD44780_LeftToRight	8	static
../Core/Src/liquidcrystal_i2c.c:142:6:HD44780_RightToLeft	8	static
../Core/Src/liquidcrystal_i2c.c:148:6:HD44780_AutoScroll	8	static
../Core/Src/liquidcrystal_i2c.c:154:6:HD44780_NoAutoScroll	8	static
../Core/Src/liquidcrystal_i2c.c:160:6:HD44780_CreateSpecialChar	24	static
../Core/Src/liquidcrystal_i2c.c:170:6:HD44780_PrintSpecialChar	16	static
../Core/Src/liquidcrystal_i2c.c:175:6:HD44780_LoadCustomCharacter	16	static
../Core/Src/liquidcrystal_i2c.c:180:6:HD44780_PrintStr	16	static
../Core/Src/liquidcrystal_i2c.c:185:6:HD44780_SetBacklight	16	static
../Core/Src/liquidcrystal_i2c.c:191:6:HD44780_NoBacklight	8	static
../Core/Src/liquidcrystal_i2c.c:197:6:HD44780_Backlight	8	static
../Core/Src/liquidcrystal_i2c.c:203:13:SendCommand	16	static
../Core/Src/liquidcrystal_i2c.c:208:13:SendChar	16	static
../Core/Src/liquidcrystal_i2c.c:213:13:Send	32	static
../Core/Src/liquidcrystal_i2c.c:221:13:Write4Bits	16	static
../Core/Src/liquidcrystal_i2c.c:227:13:ExpanderWrite	32	static
../Core/Src/liquidcrystal_i2c.c:233:13:PulseEnable	16	static
